// Jest Snapshot v1, https://goo.gl/fbAQLP

exports[`Match snapshot 1`] = `
<div>
  <div
    class="App"
  >
    <header
      class="App-header"
    >
      <img
        alt="logo"
        class="App-logo"
        src="logo.svg"
      />
      <p>
        Edit 
        <code>
          src/App.js
        </code>
         and save to reload.
      </p>
      <a
        class="App-link"
        href="https://reactjs.org"
        rel="noopener noreferrer"
        target="_blank"
      >
        Learn React
      </a>
      <span
        class="home"
      >
        Hello
      </span>
      <span
        style="opacity: 0;"
      >
        Bye
      </span>
      <div
        class="greeter"
      >
        <label
          for="input_text"
        >
          Name:
        </label>
        <input
          class="input-text"
          id="input_text"
          placeholder="Type name"
          type="text"
          value=""
        />
        <button
          class="btn"
        >
          Show name
        </button>
      </div>
      <div
        class="list"
      >
        <h2>
          Random color codes
        </h2>
        <ul>
          <li
            class="item"
          >
            #97ee3c
          </li>
          <li
            class="item"
          >
            #18ad03
          </li>
          <li
            class="item"
          >
            #1f510d
          </li>
          <li
            class="item"
          >
            #24429e
          </li>
          <li
            class="item"
          >
            #43a1c8
          </li>
          <li
            class="item"
          >
            #e32134
          </li>
          <li
            class="item"
          >
            #b5746d
          </li>
          <li
            class="item"
          >
            #3b8aa
          </li>
          <li
            class="item"
          >
            #ed2269
          </li>
          <li
            class="item"
          >
            #6b79ce
          </li>
          <li
            class="item"
          >
            #cdf7ef
          </li>
          <li
            class="item"
          >
            #ffe505
          </li>
          <li
            class="item"
          >
            #938f76
          </li>
          <li
            class="item"
          >
            #e8ea62
          </li>
          <li
            class="item"
          >
            #a494e9
          </li>
          <li
            class="item"
          >
            #dff13c
          </li>
          <li
            class="item"
          >
            #641ed7
          </li>
          <li
            class="item"
          >
            #f78efd
          </li>
          <li
            class="item"
          >
            #98a13
          </li>
          <li
            class="item"
          >
            #48fc1
          </li>
          <li
            class="item"
          >
            #f15f13
          </li>
          <li
            class="item"
          >
            #e35127
          </li>
          <li
            class="item"
          >
            #deb2a
          </li>
          <li
            class="item"
          >
            #6aa0da
          </li>
          <li
            class="item"
          >
            #cdd68c
          </li>
          <li
            class="item"
          >
            #fb10bf
          </li>
          <li
            class="item"
          >
            #3e55e7
          </li>
          <li
            class="item"
          >
            #3b2e8d
          </li>
          <li
            class="item"
          >
            #87498
          </li>
          <li
            class="item"
          >
            #f23134
          </li>
          <li
            class="item"
          >
            #734710
          </li>
          <li
            class="item"
          >
            #421d73
          </li>
          <li
            class="item"
          >
            #221848
          </li>
          <li
            class="item"
          >
            #a271cc
          </li>
          <li
            class="item"
          >
            #55eca7
          </li>
          <li
            class="item"
          >
            #e8e65b
          </li>
          <li
            class="item"
          >
            #56ba0b
          </li>
          <li
            class="item"
          >
            #b6191d
          </li>
          <li
            class="item"
          >
            #b819cf
          </li>
          <li
            class="item"
          >
            #d56932
          </li>
          <li
            class="item"
          >
            #58665e
          </li>
          <li
            class="item"
          >
            #8fb441
          </li>
          <li
            class="item"
          >
            #c0bcf3
          </li>
          <li
            class="item"
          >
            #5a2d81
          </li>
          <li
            class="item"
          >
            #5a23cd
          </li>
          <li
            class="item"
          >
            #e275fc
          </li>
          <li
            class="item"
          >
            #daf781
          </li>
          <li
            class="item"
          >
            #1e5092
          </li>
          <li
            class="item"
          >
            #c30587
          </li>
          <li
            class="item"
          >
            #d68677
          </li>
        </ul>
      </div>
    </header>
  </div>
</div>
`;
